// Jest Snapshot v1, https://goo.gl/fbAQLP

exports[`test init 1`] = `
<div>
  1
</div>
`;

exports[`test init 2`] = `
<div>
  2
</div>
`;
