// Jest Snapshot v1, https://goo.gl/fbAQLP

exports[`test debug log 1`] = `
<div>
  1
</div>
`;

exports[`test debug log 2`] = `
Array [
  "Provider enable debug mode",
  "Relax(HelloRelax):",
]
`;
